br.com.livr.BatedorDePenaltis -> a:
    boolean marcouGol -> a
    void <init>(java.lang.String,int) -> <init>
    boolean equals(java.lang.Object) -> equals
br.com.livr.Equipe -> b:
    java.util.List batedoresDePenaltis -> a
    java.lang.String nomeEquipe -> a
    br.com.livr.Tecnico tecnico -> a
    br.com.livr.Goleiro goleiro -> a
    void <init>(java.lang.String) -> <init>
br.com.livr.Goleiro -> c:
    void <init>(java.lang.String) -> <init>
br.com.livr.Tecnico -> d:
    br.com.livr.Equipe equipe -> a
    void <init>(br.com.livr.Equipe) -> <init>
    br.com.livr.BatedorDePenaltis escolherBatedor(int) -> a
    boolean tirarParOuImpar(int,boolean) -> a
br.com.livr.Torcida -> e:
    boolean educado -> a
    void <init>() -> <init>
br.com.livr.statics.Jogador -> f:
    java.lang.String nomeJogador -> a
    int numeroJogador -> a
    void <init>() -> <init>
br.com.livr.statics.Sessao -> g:
    br.com.livr.Equipe equipePlayer -> a
    br.com.livr.Equipe equipeAdversaria -> b
    br.com.livr.Goleiro goleiroEquipePlayer -> a
    br.com.livr.Goleiro goleiroEquipeAdversaria -> b
    java.util.List goleirosParticipantes -> a
    java.util.List batedoresParticipantes -> b
    java.util.List batedoresEquipePlayer -> c
    java.util.List batedoresEquipeAdversaria -> d
    br.com.livr.Tecnico tecnico -> a
    br.com.livr.Torcida torcidaEducadaEquipeAdversaria -> a
    java.lang.String[] nomesJogadores -> a
    br.com.livr.Equipe getEquipePlayer() -> a
    br.com.livr.Equipe getEquipeAdversaria() -> b
    br.com.livr.Goleiro getGoleiroEquipePlayer() -> a
    br.com.livr.Goleiro getGoleiroEquipeAdversaria() -> b
    java.util.List getGoleirosParticipantes() -> a
    java.util.List getBatedoresParticipantes() -> b
    java.util.List getBatedoresEquipePlayer() -> c
    java.util.List getBatedoresEquipeAdversaria() -> d
    br.com.livr.Tecnico getTecnico() -> a
    int getJogadoresPorTime() -> a
    int getGoleirosPorTime() -> b
    void setEquipePlayer(br.com.livr.Equipe) -> a
    void setEquipeAdversaria(br.com.livr.Equipe) -> b
    void setGoleiroEquipePlayer(br.com.livr.Goleiro) -> a
    void setGoleiroEquipeAdversaria(br.com.livr.Goleiro) -> b
    void setGoleirosParticipantes(java.util.List) -> a
    void setBatedoresParticipantes(java.util.List) -> b
    void setBatedoresEquipeAdversaria(java.util.List) -> c
    void setTecnico(br.com.livr.Tecnico) -> a
    java.lang.String[] getNomesJogadores() -> a
    br.com.livr.Torcida getTorcidaEducadaEquipeAdversaria() -> a
    void setTorcidaEducadaEquipePlayer$4ecdd065() -> a
    void setTorcidaEducadaEquipeAdversaria(br.com.livr.Torcida) -> a
    void setTorcidaMalEducadaEquipePlayer$4ecdd065() -> b
    void setTorcidaMalEducadaEquipeAdversaria$4ecdd065() -> c
    void <clinit>() -> <clinit>
br.com.livr.views.boundary.ErrorDialog -> h:
    javax.swing.JButton btnOK -> a
    javax.swing.JLabel lblMensagemErro -> a
    javax.swing.JLabel lblTitulo -> b
    javax.swing.JPanel pnlContent -> a
    void <init>(java.lang.String,java.lang.String) -> <init>
    void access$000$52a11ad3(br.com.livr.views.boundary.ErrorDialog) -> a
br.com.livr.views.boundary.ErrorDialog$1 -> i:
    br.com.livr.views.boundary.ErrorDialog this$0 -> a
    void <init>(br.com.livr.views.boundary.ErrorDialog) -> <init>
    void actionPerformed(java.awt.event.ActionEvent) -> actionPerformed
br.com.livr.views.boundary.InGameWindow -> j:
    br.com.livr.views.control.InGameWindowController inGameWindowController -> a
    javax.swing.JButton btnReagir -> b
    javax.swing.JButton btnSuaVez -> a
    javax.swing.JButton btnTirarParOuImpar -> c
    javax.swing.JLabel lblAcoes -> a
    javax.swing.JLabel lblEscolherBatedor -> b
    javax.swing.JLabel lblPlacarTimeIA -> c
    javax.swing.JLabel lblPlacarTimePlayer -> d
    javax.swing.JLabel lblTituloPainelAcoes -> e
    javax.swing.JLabel lblTituloPlacar -> f
    javax.swing.JLabel lblTituloRelatorio -> g
    javax.swing.JList listJogadoresTimePlayer -> a
    javax.swing.JList listRelatorio -> b
    javax.swing.JPanel pnlContainer -> a
    javax.swing.JScrollPane scrollPaneBatedores -> b
    javax.swing.JScrollPane scrollPaneRelatorio -> a
    void <init>() -> <init>
    javax.swing.JLabel getLblPlacarTimeIA() -> a
    javax.swing.JLabel getLblPlacarTimePlayer() -> b
    void access$000$7dbebca8(br.com.livr.views.boundary.InGameWindow) -> a
    void access$100$7dbebca8(br.com.livr.views.boundary.InGameWindow) -> b
br.com.livr.views.boundary.InGameWindow$1 -> k:
    br.com.livr.views.boundary.InGameWindow this$0 -> a
    void <init>(br.com.livr.views.boundary.InGameWindow) -> <init>
    void actionPerformed(java.awt.event.ActionEvent) -> actionPerformed
br.com.livr.views.boundary.InGameWindow$2 -> l:
    br.com.livr.views.boundary.InGameWindow this$0 -> a
    void <init>(br.com.livr.views.boundary.InGameWindow) -> <init>
    void actionPerformed(java.awt.event.ActionEvent) -> actionPerformed
br.com.livr.views.boundary.MainWindow -> br.com.livr.views.boundary.MainWindow:
    br.com.livr.views.control.MainWindowController mainWindowController -> a
    javax.swing.JButton btnLogin -> a
    javax.swing.JLabel lblAvisoQuantidadeBatedoresPenaltis -> a
    javax.swing.JLabel lblAvisoQuantidadeGoleiros -> b
    javax.swing.JLabel lblNomeEquipe -> c
    javax.swing.JLabel lblNomeTreinador -> d
    javax.swing.JLabel lblTituloSecao1 -> e
    javax.swing.JLabel lblTituloSecao2 -> f
    javax.swing.JSeparator linhaTextFieldNomeEquipe -> a
    javax.swing.JSeparator linhaTextFieldNomeTreinador -> b
    javax.swing.JList listBatedoresPenaltis -> a
    javax.swing.JList listGoleiros -> b
    javax.swing.JPanel pnlContent -> a
    javax.swing.JScrollPane scrollPaneListaBatedoresPenaltis -> a
    javax.swing.JScrollPane scrollPaneListaGoleiros -> b
    javax.swing.JTextField txfNomeEquipe -> a
    javax.swing.JTextField txfNomeTreinador -> b
    void <init>() -> <init>
    void main(java.lang.String[]) -> main
    void lambda$main$0() -> a
    void access$000$14a39926(br.com.livr.views.boundary.MainWindow) -> a
br.com.livr.views.boundary.MainWindow$1 -> m:
    java.lang.String[] strings -> a
    void <init>() -> <init>
    int getSize() -> getSize
    java.lang.Object getElementAt(int) -> getElementAt
br.com.livr.views.boundary.MainWindow$2 -> n:
    java.lang.String[] strings -> a
    void <init>() -> <init>
    int getSize() -> getSize
    java.lang.Object getElementAt(int) -> getElementAt
br.com.livr.views.boundary.MainWindow$3 -> o:
    br.com.livr.views.boundary.MainWindow this$0 -> a
    void <init>(br.com.livr.views.boundary.MainWindow) -> <init>
    void actionPerformed(java.awt.event.ActionEvent) -> actionPerformed
br.com.livr.views.boundary.Notificacao -> p:
    com.notification.NotificationFactory notificationFactory -> a
    com.notification.manager.SimpleManager simpleManager -> a
    java.lang.String[] mensagensDefesa -> a
    java.lang.String[] mensagensAtaque -> b
    void <init>() -> <init>
    void exibirNotificacao(br.com.livr.Equipe,int,int) -> a
    void exibirNotificacao$64026a7e(java.lang.String,java.lang.String,java.lang.String,int) -> a
br.com.livr.views.boundary.ParOuImparDialog -> q:
    java.util.List rbParEImpar -> a
    br.com.livr.views.boundary.Notificacao notificacao -> a
    br.com.livr.views.control.ParOuImparDialogController parOuImparDialogController -> a
    javax.swing.ButtonGroup btnGroupParOuImpar -> a
    javax.swing.JButton btnJogar -> a
    javax.swing.JLabel lblDedos -> a
    javax.swing.JLabel lblTituloParOuImpar -> b
    javax.swing.JPanel pnlContent -> a
    javax.swing.JRadioButton rbImpar -> a
    javax.swing.JRadioButton rbPar -> b
    javax.swing.JSlider sliderQuantidadeDedos -> a
    void <init>(javax.swing.JFrame) -> <init>
    void access$000$702edb11(br.com.livr.views.boundary.ParOuImparDialog) -> a
br.com.livr.views.boundary.ParOuImparDialog$1 -> r:
    br.com.livr.views.boundary.ParOuImparDialog this$0 -> a
    void <init>(br.com.livr.views.boundary.ParOuImparDialog) -> <init>
    void actionPerformed(java.awt.event.ActionEvent) -> actionPerformed
br.com.livr.views.control.InGameWindowController -> s:
    java.util.ArrayList relatorio -> a
    int numeroBatedorIA -> a
    int penaltisBatidosPelaIA -> b
    int penaltisBatidosPeloPlayer -> c
    int totalCobrancasPorTime -> d
    java.util.List indicesSelecionados -> a
    br.com.livr.views.boundary.Notificacao notificacao -> a
    boolean haVencedor -> a
    br.com.livr.views.boundary.InGameWindow inGameWindow -> a
    void <init>(br.com.livr.views.boundary.InGameWindow) -> <init>
    void gerarRelatorio(br.com.livr.BatedorDePenaltis,br.com.livr.Equipe) -> a
    void runIA() -> a
    void naoHaVencedor(br.com.livr.Equipe) -> b
    void verificarPlacar(br.com.livr.Equipe) -> a
    void initListaJogadores() -> b
    void lambda$initListaJogadores$1(java.util.List,br.com.livr.BatedorDePenaltis) -> a
    void lambda$runIA$0(java.awt.event.ActionEvent) -> a
br.com.livr.views.control.MainWindowController -> t:
    br.com.livr.views.boundary.MainWindow mainWindow -> a
    void <init>(br.com.livr.views.boundary.MainWindow) -> <init>
    boolean verificarEntradaDe(javax.swing.JTextField) -> a
br.com.livr.views.control.MainWindowListController -> u:
    int quantidadeItensSelecionados -> a
    int[] indicesSelecionados -> a
    boolean once -> a
    int limiteDeEscolhas -> b
    java.lang.String[] nomesBatedoresPenaltis -> a
    java.lang.String[] nomesGoleiros -> b
    void <init>(int) -> <init>
    void valueChanged(javax.swing.event.ListSelectionEvent) -> valueChanged
    void initListasJogadores() -> a
    void getNomesJogadores(java.util.List,java.lang.String[]) -> a
    void getNomesGoleiros(java.util.List,java.lang.String[]) -> b
    java.lang.String[] getNomesBatedoresPenaltis() -> a
    java.lang.String[] getNomesGoleiros() -> b
    void cadastrarEquipeAdversaria() -> b
    void lambda$cadastrarGoleiroAdversario$0(java.util.List,br.com.livr.Goleiro) -> a
    void <clinit>() -> <clinit>
br.com.livr.views.control.ParOuImparDialogController -> v:
    br.com.livr.views.boundary.ParOuImparDialog parOuImparDialog -> a
    boolean venceuParOuImpar -> a
    boolean jogou -> b
    java.lang.String quemComeca -> a
    void <init>(br.com.livr.views.boundary.ParOuImparDialog) -> <init>
com.exception.NotificationException -> com.exception.NotificationException:
    void <init>(java.lang.String) -> <init>
com.notification.Notification -> com.notification.Notification:
    com.notification.NotificationManager m_manager -> a
    java.util.List m_listeners -> a
    void <init>() -> <init>
    void removeFromManager() -> a
    void fireListeners(java.lang.String) -> a
    int getX() -> a
    int getY() -> b
    void setLocation(int,int) -> a
    int getWidth() -> c
    int getHeight() -> d
    double getOpacity() -> a
    void setOpacity(double) -> a
    void show() -> b
    void hide() -> c
    boolean isShown() -> a
com.notification.NotificationBuilder -> com.notification.NotificationBuilder:
    com.notification.Notification buildNotification(com.theme.ThemePackage,java.lang.Object[]) -> a
com.notification.NotificationFactory -> com.notification.NotificationFactory:
    com.theme.ThemePackage m_pack -> a
    java.util.HashMap m_builders -> a
    void <init>() -> <init>
    void <init>(com.theme.ThemePackage) -> <init>
    com.notification.types.IconNotification buildIconNotification(java.lang.String,java.lang.String,javax.swing.ImageIcon) -> a
com.notification.NotificationFactory$AcceptNotificationBuilder -> w:
    void <init>() -> <init>
    com.notification.Notification buildNotification(com.theme.ThemePackage,java.lang.Object[]) -> a
    void <init>(byte) -> <init>
com.notification.NotificationFactory$IconNotificationBuilder -> x:
    void <init>() -> <init>
    com.notification.Notification buildNotification(com.theme.ThemePackage,java.lang.Object[]) -> a
    void <init>(byte) -> <init>
com.notification.NotificationFactory$Location -> com.notification.NotificationFactory$Location:
    com.notification.NotificationFactory$Location NORTH -> a
    com.notification.NotificationFactory$Location NORTHEAST -> b
    com.notification.NotificationFactory$Location EAST -> c
    com.notification.NotificationFactory$Location SOUTHEAST -> d
    com.notification.NotificationFactory$Location SOUTH -> e
    com.notification.NotificationFactory$Location SOUTHWEST -> f
    com.notification.NotificationFactory$Location WEST -> g
    com.notification.NotificationFactory$Location NORTHWEST -> h
    com.notification.NotificationFactory$Location[] $VALUES -> a
    com.notification.NotificationFactory$Location[] values() -> a
    void <init>(java.lang.String,int) -> <init>
    void <clinit>() -> <clinit>
com.notification.NotificationFactory$ProgressBarNotificationBuilder -> y:
    void <init>() -> <init>
    com.notification.Notification buildNotification(com.theme.ThemePackage,java.lang.Object[]) -> a
    void <init>(byte) -> <init>
com.notification.NotificationFactory$TextNotificationBuilder -> z:
    void <init>() -> <init>
    com.notification.Notification buildNotification(com.theme.ThemePackage,java.lang.Object[]) -> a
    void <init>(byte) -> <init>
com.notification.NotificationListener -> com.notification.NotificationListener:
    void actionCompleted$45a6acb5(java.lang.String) -> a
com.notification.NotificationManager -> com.notification.NotificationManager:
    java.util.List m_notifications -> a
    void <init>() -> <init>
    void addNotification(com.notification.Notification,com.utils.Time) -> a
    void removeNotification(com.notification.Notification) -> a
    void notificationAdded(com.notification.Notification,com.utils.Time) -> b
    void notificationRemoved(com.notification.Notification) -> b
    void scheduleRemoval(com.notification.Notification,com.utils.Time) -> c
com.notification.NotificationManager$RemoveTask -> A:
    com.notification.Notification m_note -> a
    com.notification.NotificationManager this$0 -> a
    void <init>(com.notification.NotificationManager,com.notification.Notification) -> <init>
    void run() -> run
com.notification.manager.QueueManager -> com.notification.manager.QueueManager:
    javax.swing.Timer m_timer -> a
    int m_verticalPadding -> a
    double m_snapFactor -> a
    com.notification.manager.QueueManager$ScrollDirection m_scroll -> a
    void <init>() -> <init>
    int access$100(com.notification.manager.QueueManager) -> a
    com.notification.manager.QueueManager$ScrollDirection access$200(com.notification.manager.QueueManager) -> a
    double access$300(com.notification.manager.QueueManager) -> a
com.notification.manager.QueueManager$MovementManager -> B:
    com.notification.manager.QueueManager this$0 -> a
    void <init>(com.notification.manager.QueueManager) -> <init>
    void actionPerformed(java.awt.event.ActionEvent) -> actionPerformed
    void <init>(com.notification.manager.QueueManager,byte) -> <init>
com.notification.manager.QueueManager$ScrollDirection -> com.notification.manager.QueueManager$ScrollDirection:
    com.notification.manager.QueueManager$ScrollDirection NORTH -> a
    com.notification.manager.QueueManager$ScrollDirection SOUTH -> b
    void <init>(java.lang.String,int) -> <init>
    void <clinit>() -> <clinit>
com.notification.manager.SequenceManager -> com.notification.manager.SequenceManager:
    java.util.List m_sequence -> b
    com.notification.Notification m_currentNotification -> a
    void <init>() -> <init>
    void notificationAdded(com.notification.Notification,com.utils.Time) -> b
    com.notification.Notification access$100(com.notification.manager.SequenceManager) -> a
    com.notification.Notification access$102(com.notification.manager.SequenceManager,com.notification.Notification) -> a
    java.util.List access$200(com.notification.manager.SequenceManager) -> a
    void access$300(com.notification.manager.SequenceManager,com.notification.Notification,com.utils.Time) -> a
com.notification.manager.SequenceManager$CloseListener -> C:
    com.notification.manager.SequenceManager this$0 -> a
    void <init>(com.notification.manager.SequenceManager) -> <init>
    void actionCompleted$45a6acb5(java.lang.String) -> a
    void <init>(com.notification.manager.SequenceManager,byte) -> <init>
com.notification.manager.SequenceManager$NotificationShowTime -> D:
    com.notification.Notification notification -> a
    com.utils.Time time -> a
    void <init>(com.notification.Notification,com.utils.Time) -> <init>
com.notification.manager.SimpleManager -> com.notification.manager.SimpleManager:
    com.notification.NotificationFactory$Location m_loc -> a
    com.utils.Screen m_screen -> a
    boolean m_fadeEnabled -> a
    com.utils.Time m_fadeTime -> a
    com.notification.manager.SimpleManager$FaderRunnable m_fader -> a
    java.lang.Thread m_faderThread -> a
    void <init>() -> <init>
    void <init>(com.notification.NotificationFactory$Location) -> <init>
    boolean isFadeEnabled() -> a
    void syncFadeEnabledWithPlatform() -> a
    void notificationAdded(com.notification.Notification,com.utils.Time) -> b
    void notificationRemoved(com.notification.Notification) -> b
    void startFade(com.notification.Notification,double) -> a
com.notification.manager.SimpleManager$Fader -> E:
    com.notification.Notification m_note -> a
    long m_fadeStartTime -> a
    double m_startFade -> a
    double m_stopFade -> c
    double m_deltaFade -> b
    void <init>(com.notification.Notification,double,double) -> <init>
    boolean isFinishedFading() -> a
com.notification.manager.SimpleManager$FaderRunnable -> com.notification.manager.SimpleManager$FaderRunnable:
    java.util.List m_faders -> a
    void <init>() -> <init>
    void run() -> run
com.notification.manager.SlideManager -> com.notification.manager.SlideManager:
    com.notification.NotificationFactory$Location m_loc -> a
    com.utils.Screen m_standardScreen -> a
    com.utils.Screen m_noPaddingScreen -> b
    java.util.HashMap m_sliders -> a
    com.notification.manager.SlideManager$SlideDirection m_slideIn -> a
    double m_slideSpeed -> a
    java.util.HashMap m_slideStates -> b
    void <init>() -> <init>
    void notificationAdded(com.notification.Notification,com.utils.Time) -> b
    void notificationRemoved(com.notification.Notification) -> b
    com.utils.Screen access$400(com.notification.manager.SlideManager) -> a
    com.utils.Screen access$500(com.notification.manager.SlideManager) -> b
com.notification.manager.SlideManager$1 -> F:
    int[] $SwitchMap$com$notification$NotificationFactory$Location -> a
    void <clinit>() -> <clinit>
com.notification.manager.SlideManager$EastSlider -> G:
    com.notification.manager.SlideManager this$0 -> a
    void <init>(com.notification.manager.SlideManager) -> <init>
    void actionPerformed(java.awt.event.ActionEvent) -> actionPerformed
    void setBorderPosition(com.notification.Notification,com.notification.NotificationFactory$Location) -> a
    void <init>(com.notification.manager.SlideManager,byte) -> <init>
com.notification.manager.SlideManager$NorthSlider -> H:
    com.notification.manager.SlideManager this$0 -> a
    void <init>(com.notification.manager.SlideManager) -> <init>
    void actionPerformed(java.awt.event.ActionEvent) -> actionPerformed
    void setBorderPosition(com.notification.Notification,com.notification.NotificationFactory$Location) -> a
    void <init>(com.notification.manager.SlideManager,byte) -> <init>
com.notification.manager.SlideManager$SlideDirection -> com.notification.manager.SlideManager$SlideDirection:
    com.notification.manager.SlideManager$SlideDirection NORTH -> a
    com.notification.manager.SlideManager$SlideDirection SOUTH -> b
    com.notification.manager.SlideManager$SlideDirection EAST -> c
    com.notification.manager.SlideManager$SlideDirection WEST -> d
    com.notification.manager.SlideManager$SlideDirection m_opposite -> e
    void <init>(java.lang.String,int) -> <init>
    void <init>(java.lang.String,int,com.notification.manager.SlideManager$SlideDirection) -> <init>
    void <clinit>() -> <clinit>
com.notification.manager.SlideManager$SlideState -> I:
    com.notification.NotificationFactory$Location loc -> a
    com.notification.manager.SlideManager$SlideDirection returnDirection -> a
    void <init>(com.notification.NotificationFactory$Location,com.notification.manager.SlideManager$SlideDirection) -> <init>
com.notification.manager.SlideManager$Slider -> J:
    com.notification.Notification m_note -> a
    double m_delta -> a
    double m_stopX -> b
    double m_stopY -> c
    double m_x -> d
    double m_y -> e
    boolean m_slideIn -> a
    com.notification.NotificationFactory$Location m_startLocation -> a
    com.notification.manager.SlideManager this$0 -> a
    void <init>(com.notification.manager.SlideManager) -> <init>
    void animate$2e4974e(com.notification.Notification,com.notification.NotificationFactory$Location,double,boolean) -> a
    void manageStop(java.awt.event.ActionEvent) -> a
    void setBorderPosition(com.notification.Notification,com.notification.NotificationFactory$Location) -> a
    void <init>(com.notification.manager.SlideManager,byte) -> <init>
com.notification.manager.SlideManager$SouthSlider -> K:
    com.notification.manager.SlideManager this$0 -> a
    void <init>(com.notification.manager.SlideManager) -> <init>
    void actionPerformed(java.awt.event.ActionEvent) -> actionPerformed
    void setBorderPosition(com.notification.Notification,com.notification.NotificationFactory$Location) -> a
    void <init>(com.notification.manager.SlideManager,byte) -> <init>
com.notification.manager.SlideManager$WestSlider -> L:
    com.notification.manager.SlideManager this$0 -> a
    void <init>(com.notification.manager.SlideManager) -> <init>
    void actionPerformed(java.awt.event.ActionEvent) -> actionPerformed
    void setBorderPosition(com.notification.Notification,com.notification.NotificationFactory$Location) -> a
    void <init>(com.notification.manager.SlideManager,byte) -> <init>
com.notification.types.AcceptNotification -> com.notification.types.AcceptNotification:
    javax.swing.JButton m_accept -> a
    javax.swing.JButton m_decline -> b
    void <init>() -> <init>
    void hide() -> c
    void setTextTheme(com.theme.TextTheme) -> a
    void setWindowTheme(com.theme.WindowTheme) -> a
com.notification.types.AcceptNotification$1 -> M:
    com.notification.types.AcceptNotification this$0 -> a
    void <init>(com.notification.types.AcceptNotification) -> <init>
    void actionPerformed(java.awt.event.ActionEvent) -> actionPerformed
com.notification.types.AcceptNotification$2 -> N:
    com.notification.types.AcceptNotification this$0 -> a
    void <init>(com.notification.types.AcceptNotification) -> <init>
    void actionPerformed(java.awt.event.ActionEvent) -> actionPerformed
com.notification.types.BorderLayoutNotification -> com.notification.types.BorderLayoutNotification:
    javax.swing.JPanel m_panel -> a
    void <init>() -> <init>
    void addComponent(java.awt.Component,java.lang.String) -> a
    void removeComponent(java.awt.Component) -> a
com.notification.types.IconNotification -> com.notification.types.IconNotification:
    javax.swing.JLabel m_iconLabel -> a
    void <init>() -> <init>
com.notification.types.ProgressBarNotification -> com.notification.types.ProgressBarNotification:
    javax.swing.JLabel m_label -> a
    javax.swing.JProgressBar m_progress -> a
    void <init>() -> <init>
com.notification.types.TextNotification -> com.notification.types.TextNotification:
    javax.swing.JLabel m_titleLabel -> b
    javax.swing.JTextArea m_subtitleArea -> a
    com.theme.TextTheme m_textTheme -> a
    void <init>() -> <init>
    void setTitle(java.lang.String) -> b
    void setSubtitle(java.lang.String) -> c
    void setTextTheme(com.theme.TextTheme) -> a
    void setWindowTheme(com.theme.WindowTheme) -> a
com.notification.types.WindowNotification -> com.notification.types.WindowNotification:
    javax.swing.JWindow m_window -> a
    javax.swing.JPanel m_panel -> a
    boolean m_closeOnClick -> a
    java.awt.event.MouseAdapter m_listener -> a
    com.theme.WindowTheme m_theme -> a
    void <init>() -> <init>
    void setPanel(javax.swing.JPanel) -> a
    void setWindowTheme(com.theme.WindowTheme) -> a
    void recursiveSetTheme(com.theme.WindowTheme,java.awt.Component) -> a
    int getX() -> a
    int getY() -> b
    void setLocation(int,int) -> a
    int getWidth() -> c
    int getHeight() -> d
    double getOpacity() -> a
    void setOpacity(double) -> a
    void show() -> b
    void hide() -> c
    boolean isShown() -> a
    void access$000(com.notification.types.WindowNotification,java.lang.String) -> a
    boolean access$100(com.notification.types.WindowNotification) -> a
com.notification.types.WindowNotification$1 -> O:
    com.notification.types.WindowNotification this$0 -> a
    void <init>(com.notification.types.WindowNotification) -> <init>
    void mouseClicked(java.awt.event.MouseEvent) -> mouseClicked
com.platform.DefaultOperatingSystem -> com.platform.DefaultOperatingSystem:
    void <init>() -> <init>
    boolean isSupported(java.lang.String) -> a
com.platform.Mac -> com.platform.Mac:
    void <init>() -> <init>
    boolean isSupported(java.lang.String) -> a
com.platform.OperatingSystem -> com.platform.OperatingSystem:
    boolean isSupported(java.lang.String) -> a
com.platform.Platform -> com.platform.Platform:
    com.platform.OperatingSystem m_operatingSystem -> a
    boolean m_used -> a
    com.platform.Platform INSTANCE -> a
    void <init>() -> <init>
    com.platform.Platform instance() -> a
com.platform.Unix -> com.platform.Unix:
    void <init>() -> <init>
    boolean isSupported(java.lang.String) -> a
com.platform.Windows -> com.platform.Windows:
    void <init>() -> <init>
    boolean isSupported(java.lang.String) -> a
com.theme.TextTheme -> com.theme.TextTheme:
    java.awt.Font title -> a
    java.awt.Font subtitle -> b
    java.awt.Color titleColor -> a
    java.awt.Color subtitleColor -> b
    void <init>() -> <init>
com.theme.ThemePackage -> com.theme.ThemePackage:
    java.util.Map m_themes -> a
    void <init>() -> <init>
    void setTheme(java.lang.Class,java.lang.Object) -> a
    java.lang.Object getTheme(java.lang.Class) -> a
com.theme.ThemePackagePresets -> com.theme.ThemePackagePresets:
    void <init>() -> <init>
    com.theme.ThemePackage cleanLight() -> a
com.theme.WindowTheme -> com.theme.WindowTheme:
    java.awt.Color background -> a
    java.awt.Color foreground -> b
    double opacity -> a
    int width -> a
    int height -> b
    void <init>() -> <init>
com.utils.IconUtils -> com.utils.IconUtils:
    void <init>() -> <init>
com.utils.MathUtils -> com.utils.MathUtils:
    void <init>() -> <init>
    int sign(double) -> a
    double clamp$482004d7(double) -> a
com.utils.Screen -> com.utils.Screen:
    int m_width -> b
    int m_height -> c
    int m_leftX -> d
    int m_centerX -> e
    int m_rightX -> f
    int m_topY -> g
    int m_centerY -> h
    int m_bottomY -> i
    int m_padding -> a
    void <init>(int) -> <init>
    com.utils.Screen standard() -> a
    com.utils.Screen withPadding$2d03881f() -> b
    int getX(com.notification.NotificationFactory$Location,com.notification.Notification) -> a
    int getY(com.notification.NotificationFactory$Location,com.notification.Notification) -> b
com.utils.Screen$1 -> P:
    int[] $SwitchMap$com$notification$NotificationFactory$Location -> a
    void <clinit>() -> <clinit>
com.utils.Time -> com.utils.Time:
    int m_milliseconds -> a
    boolean m_infinite -> a
    void <init>(int,boolean) -> <init>
    com.utils.Time seconds(double) -> a
    com.utils.Time infinite() -> a
    com.utils.Time add(com.utils.Time) -> a
    int getMilliseconds() -> a
